// Vitest Snapshot v1, https://vitest.dev/guide/snapshot.html

exports[`회귀 스냅샷 (TST-03) > /undo + 새 메시지 순서 스냅샷 (TST-03) — store 순서 검증 1`] = `
"────────────────────────────────────────────────────────────────────────────────────────────────────
❯
────────────────────────────────────────────────────────────────────────────────────────────────────
  ● connected | /tmp | qwen2.5 | agent | turn 0 | ctx 0%"
`;

exports[`회귀 스냅샷 (TST-03) > 500 토큰 스트리밍 스냅샷 (TST-03) 1`] = `
"────────────────────────────────────────────────────────────────────────────────────────────────────
❯
────────────────────────────────────────────────────────────────────────────────────────────────────
  ● connected | /tmp | qwen2.5 | agent | turn 0 | ctx 0%"
`;

exports[`회귀 스냅샷 (TST-03) > spinner 오염 0 — frame 에 spinner 잔재 없음 (TST-03) 1`] = `
"────────────────────────────────────────────────────────────────────────────────────────────────────
❯
────────────────────────────────────────────────────────────────────────────────────────────────────
  ● connected | /tmp | qwen2.5 | agent | turn 0 | ctx 0%"
`;

exports[`회귀 스냅샷 (TST-03) > 한국어+emoji 메시지 렌더 스냅샷 (TST-03) — active 도 stdout 흐름 1`] = `
"────────────────────────────────────────────────────────────────────────────────────────────────────
❯
────────────────────────────────────────────────────────────────────────────────────────────────────
  ● connected | /tmp | qwen2.5 | agent | turn 0 | ctx 0%"
`;
